---
source: crates/gapura-core/tests/golden.rs
expression: t
---
config:
  listeners: []
  ports: {}
  clusters: {}
status:
  - kind: GatewayClass
    name: gapura
    conditions:
      - type: Accepted
        status: "True"
        reason: Accepted
        message: Handled by Gapura
        observedGeneration: 2
    supportedFeatures:
      - Gateway
      - HTTPRoute
      - HTTPRoute303RedirectStatusCode
      - HTTPRoute307RedirectStatusCode
      - HTTPRoute308RedirectStatusCode
      - HTTPRouteRequestMirror
      - PathMatchRegularExpression
      - ReferenceGrant
